charAt(a)-java.lang.String.instancehelper_charAt(id,a)
compareTo(a)-java.lang.String.instancehelper_compareTo(id,a)
endsWith(a)-java.lang.String.instancehelper_endsWith(id,a)
equals(a)-java.lang.String.instancehelper_equals(id,a)
equalsIgnoreCase(a)-java.lang.String.instancehelper_equalsIgnoreCase(id,a)
getChars(a,b,c,d)-java.lang.String.instancehelper_getChars(id,a,b,c,d)
hashCode()-java.lang.String.instancehelper_hashCode(id)
indexOf(a)-java.lang.String.instancehelper_indexOf(id,a)
indexOf(a,b)-java.lang.String.instancehelper_indexOf(id,a,b)
intern()-java.lang.String.instancehelper_intern(id)
lastIndexOf(a)-java.lang.String.instancehelper_lastIndexOf(id,a)
lastIndexOf(a,b)-java.lang.String.instancehelper_lastIndexOf(id,a,b)
length()-java.lang.String.instancehelper_length(id)
matches(a)-java.lang.String.instancehelper_matches(id,a)
replace(a,b)-java.lang.String.instancehelper_replace(id,a,b)
startsWith(a)-java.lang.String.instancehelper_startsWith(id,a)
startsWith(a,b)-java.lang.String.instancehelper_startsWith(id,a,b)
substring(a)-java.lang.String.instancehelper_substring(id,a)
substring(a,b)-java.lang.String.instancehelper_substring(id,a,b)
toCharArray()-java.lang.String.instancehelper_toCharArray(id)
toLowerCase()-java.lang.String.instancehelper_toLowerCase(id)
toLowerCase(a)-java.lang.String.instancehelper_toLowerCase(id, a)
toUpperCase()-java.lang.String.instancehelper_toUpperCase(id)
toString()-java.lang.String.instancehelper_toString(id)
trim()-java.lang.String.instancehelper_trim(id)
split(a)-java.lang.String.instancehelper_split(id, a)
split(a,b)-java.lang.String.instancehelper_split(id, a, b)
replaceAll(a,b)-java.lang.String.instancehelper_replaceAll(id, a, b)
getBytes()-java.lang.String.instancehelper_getBytes(id)
getBytes(a)-java.lang.String.instancehelper_getBytes(id, a)
