Error-System.Exception
Exception-System.Exception
IllegalAccessException-System.FieldAccessException
IllegalArgumentException-System.ArgumentException
IllegalStateException-System.NotSupportedException
IncompatibleClassChangeError-System.MemberAccessException
InterruptedException-System.Threading.ThreadInterruptedException
ClassCastException-System.InvalidCastException
CloneNotSupportedException-System.NotSupportedException
InternalError-System.ExecutionEngineException
UnsupportedOperationException-System.NotSupportedException
NullPointerException-System.NullReferenceException
NoClassDefFoundError-System.TypeLoadException
NoSuchMethodException-System.MissingMethodException
IndexOutOfBoundsException-System.IndexOutOfRangeException
NumberFormatException-System.FormatException
RuntimeException-System.SystemException
InstantiationException-System.MemberAccessException
ClassNotFoundException-System.TypeLoadException
Number-System.Int32
Runnable-Helpers.Runnable
Runtime-Helpers.Runtime