assertTrue(a)-NUnit.Framework.Assert.IsTrue(#a)
assertTrue(a,b)-NUnit.Framework.Assert.IsTrue(#a,#b)
assertFalse(a)-NUnit.Framework.Assert.IsFalse(#a)
assertFalse(a,b)-NUnit.Framework.Assert.IsFalse(#a,#b)
fail(a)-NUnit.Framework.Assert.Fail(#a)
fail()-NUnit.Framework.Assert.Fail()
assertEquals(a,b)-NUnit.Framework.Assert.AreEqual(#a,#b)
assertEquals(string a,object b,object c)-NUnit.Framework.Assert.AreEqual(#b,#c,#a)
assertEquals(string a,string b,string c)-NUnit.Framework.Assert.AreEqual(#b,#c,#a)
assertEquals(double a,double b,double c)-NUnit.Framework.Assert.AreEqual(#a,#b,#c)
assertEquals(double a,double b,int c)-NUnit.Framework.Assert.AreEqual(#a,#b,#c)
assertEquals(string a,double b,double c,double d)-NUnit.Framework.Assert.AreEqual(#b,#c,#d,#a)
assertEquals(float a,float b,float c)-NUnit.Framework.Assert.AreEqual(#a,#b,#c)
assertEquals(float a,float b,int c)-NUnit.Framework.Assert.AreEqual(#a,#b,#c)
assertEquals(string a,float b,float c,float d)-NUnit.Framework.Assert.AreEqual(#b,#c,#d,#a)
assertEquals(string a,long b,long c)-NUnit.Framework.Assert.AreEqual(#b,#c,#a)
assertEquals(string a,bool b,bool c)-NUnit.Framework.Assert.AreEqual(#b,#c,#a)
assertEquals(string a,byte b,byte c)-NUnit.Framework.Assert.AreEqual(#b,#c,#a)
assertEquals(string a,char b,char c)-NUnit.Framework.Assert.AreEqual(#b,#c,#a)
assertEquals(string a,short b,short c)-NUnit.Framework.Assert.AreEqual(#b,#c,#a)
assertEquals(string a,int b,int c)-NUnit.Framework.Assert.AreEqual(#b,#c,#a)
assertNotNull(a)-NUnit.Framework.Assert.IsNotNull(#a)
assertNotNull(a,b)-NUnit.Framework.Assert.IsNotNull(#b,#a)
assertNull(a)-NUnit.Framework.Assert.IsNull(#a)
assertNull(a,b)-NUnit.Framework.Assert.IsNull(#b,#a)
assertSame(a,b)-NUnit.Framework.Assert.AreSame(#a,#b)
assertSame(a,b,c)-NUnit.Framework.Assert.AreSame(#b,#c,#a)
assertNotSame(a,b)-NUnit.Framework.Assert.IsFalse(object.ReferenceEquals(#a,#b))
assertNotSame(a,b,c)-NUnit.Framework.Assert.IsFalse(object.ReferenceEquals(#b,#c),#a)
failSame(a)-NUnit.Framework.Assert.Fail(#a + "expected not same")
failNotSame(a,b,c)-NUnit.Framework.Assert.AreSame(#b,#c,#a)
failNotSame(a,b)-NUnit.Framework.Assert.AreSame(#a,#b)
failNotEquals(a,b,c)-NUnit.Framework.Assert.AreEqual(#b,#c,#a)
setUp()-!
tearDown()-!
